Resolving dependencies...
Downloading packages...
  clock 1.1.2 (1.1.3 available)
  cloud_firestore 6.9.0 (6.10.0 available)
  code_assets 1.2.1 (2.1.0 available)
  cross_file 0.3.5+5 (0.4.0 available)
  firebase_analytics 12.5.0 (12.6.0 available)
  firebase_auth 6.6.1 (6.7.0 available)
  firebase_auth_platform_interface 9.0.7 (9.1.0 available)
  firebase_auth_web 6.2.7 (6.3.0 available)
  firebase_core 4.14.0 (4.15.0 available)
  firebase_core_web 3.11.0 (3.12.0 available)
  flutter_secure_storage 10.3.2 (11.2.0 available)
  flutter_secure_storage_darwin 0.3.2 (0.4.3 available)
  flutter_secure_storage_linux 3.0.2 (3.0.3 available)
  flutter_secure_storage_platform_interface 2.0.3 (2.1.1 available)
  google_sign_in_ios 6.3.3 (6.3.5 available)
  hooks 2.0.2 (2.2.0 available)
  matcher 0.12.19 (0.12.20 available)
  material_color_utilities 0.13.0 (0.13.1 available)
  meta 1.18.0 (1.19.0 available)
  objective_c 9.5.0 (9.6.0 available)
  record_use 0.6.0 (1.1.1 available)
  stack_trace 1.12.1 (1.12.2 available)
  synchronized 3.4.1+2 (3.4.2 available)
  test_api 0.7.11 (0.7.14 available)
  vector_math 2.2.0 (2.4.3 available)
Got dependencies!
25 packages have newer versions incompatible with dependency constraints.
Try `flutter pub outdated` for more information.
Xcode is fetching Swift Package Manager dependencies. This may take several minutes...
  Fetching from https://github.com/google/grpc-binary.git (cached)...     
  Fetching from https://github.com/google/GoogleDataTransport.git (cached)...     
  Fetching from https://github.com/firebase/firebase-ios-sdk (cached)...     
  Fetching from https://github.com/google/app-check.git (cached)...     
  Fetching from https://github.com/googleads/google-ads-on-device-conversion-ios-sdk (cached)...     
  Fetching from https://github.com/firebase/leveldb.git (cached)...     
  Fetching from https://github.com/googleads/swift-package-manager-google-mobile-ads (cached)...     
  Fetching from https://github.com/google/gtm-session-fetcher.git (cached)...     
  Fetching from https://github.com/google/promises.git (cached)...     
  Fetching from https://github.com/google/GoogleSignIn-iOS.git (cached)...     
  Fetching from https://github.com/google/abseil-cpp-binary.git (cached)...     
  Fetching from https://github.com/google/GoogleAppMeasurement.git (cached)...     
  Fetching from https://github.com/facebook/facebook-ios-sdk (cached)...     
  Fetching from https://github.com/openid/AppAuth-iOS.git (cached)...     
  Fetching from https://github.com/google/GoogleUtilities.git (cached)...     
  Fetching from https://github.com/firebase/nanopb.git (cached)...     
  Fetching from https://github.com/google/interop-ios-for-google-sdks.git (cached)...     
  Fetching from https://github.com/google/GTMAppAuth.git (cached)...     
  Fetching from https://github.com/googleads/swift-package-manager-google-user-messaging-platform.git (cached)...     
Building com.touchquest.touchQuest for simulator (ios)...
Running Xcode build...                                          
Xcode build done.                                           46.1s
Failed to build iOS app
Target Integrity (Xcode): The package product 'cloud-firestore' requires minimum platform version 15.0 for the iOS platform, but this target supports 13.0

Target Integrity (Xcode): The package product 'firebase-analytics' requires minimum platform version 15.0 for the iOS platform, but this target supports 13.0

Target Integrity (Xcode): The package product 'firebase-auth' requires minimum platform version 15.0 for the iOS platform, but this target supports 13.0

Target Integrity (Xcode): The package product 'firebase-core' requires minimum platform version 15.0 for the iOS platform, but this target supports 13.0

To fix this error, increase your app's minimum platform version from 13.0 to at least 15.0 or remove the cloud-firestore dependency.

To increase your app's minimum platform version, follow these instructions:
  https://docs.flutter.dev/packages-and-plugins/swift-package-manager/for-app-developers#how-to-use-a-swift-package-manager-flutter-plugin-that-requires-a-higher-os-version

Encountered error while building for simulator.
