ffmpeg version n7.0.1-playwright-build-1011 Copyright (c) 2000-2024 the FFmpeg developers
  built with Apple clang version 14.0.3 (clang-1403.0.22.14.1)
  configuration: --pkg-config=pkg-config --pkg-config-flags=--static --extra-cflags=-I//Users/runner/work/playwright-browsers/playwright-browsers/browser_patches/ffmpeg/build/osx_prefix/include --extra-ldflags=-L//Users/runner/work/playwright-browsers/playwright-browsers/browser_patches/ffmpeg/build/osx_prefix/lib --prefix=/Users/runner/work/playwright-browsers/playwright-browsers/browser_patches/ffmpeg/build/osx_prefix --bindir=/Users/runner/work/playwright-browsers/playwright-browsers/browser_patches/ffmpeg/build/ffmpeg/bin --extra-version=playwright-build-1011 --disable-debug --disable-autodetect --disable-everything --enable-ffmpeg --enable-protocol=pipe --enable-protocol=file --enable-parser=mjpeg --enable-decoder=mjpeg --enable-demuxer=image2pipe --enable-filter=pad --enable-filter=crop --enable-filter=scale --enable-muxer=webm --enable-libvpx --enable-static --enable-encoder=libvpx_vp8 --enable-decoder=libvpx_vp8 --enable-demuxer=matroska --enable-encoder=png --enable-zlib --enable-muxer=image2 --disable-iconv --disable-bzlib
  libavutil      59.  8.100 / 59.  8.100
  libavcodec     61.  3.100 / 61.  3.100
  libavformat    61.  1.100 / 61.  1.100
  libavdevice    61.  1.100 / 61.  1.100
  libavfilter    10.  1.100 / 10.  1.100
  libswscale      8.  1.100 /  8.  1.100
  libswresample   5.  1.100 /  5.  1.100
[libvpx @ 0x155904080] v1.14.1
Input #0, matroska,webm, from 'docs/ui-review/recordings/preview-switch-active.webm':
  Metadata:
    ENCODER         : Lavf61.1.100
  Duration: 00:00:14.44, start: 0.000000, bitrate: 539 kb/s
  Stream #0:0: Video: vp8 (libvpx), yuv420p(tv, progressive), 390x844, SAR 1:1 DAR 195:422, 25 fps, 25 tbr, 1k tbn
      Metadata:
        ENCODER         : Lavc61.3.100 libvpx
        DURATION        : 00:00:14.440000000
[libvpx @ 0x154612880] v1.14.1
Stream mapping:
  Stream #0:0 -> #0:0 (vp8 (libvpx) -> png (native))
Press [q] to stop, [?] for help
[swscaler @ 0x118008000] [swscaler @ 0x148360000] No accelerated colorspace conversion found from yuv420p to rgb24.
[swscaler @ 0x118008000] [swscaler @ 0x148370000] No accelerated colorspace conversion found from yuv420p to rgb24.
[swscaler @ 0x118008000] [swscaler @ 0x148380000] No accelerated colorspace conversion found from yuv420p to rgb24.
[swscaler @ 0x118008000] [swscaler @ 0x148390000] No accelerated colorspace conversion found from yuv420p to rgb24.
[swscaler @ 0x118008000] [swscaler @ 0x1483a0000] No accelerated colorspace conversion found from yuv420p to rgb24.
[swscaler @ 0x118008000] [swscaler @ 0x1483b0000] No accelerated colorspace conversion found from yuv420p to rgb24.
[swscaler @ 0x118008000] [swscaler @ 0x1483c0000] No accelerated colorspace conversion found from yuv420p to rgb24.
[swscaler @ 0x118008000] [swscaler @ 0x1483d0000] No accelerated colorspace conversion found from yuv420p to rgb24.
[swscaler @ 0x118008000] [swscaler @ 0x1483e0000] No accelerated colorspace conversion found from yuv420p to rgb24.
[swscaler @ 0x118008000] [swscaler @ 0x1483f0000] No accelerated colorspace conversion found from yuv420p to rgb24.
[swscaler @ 0x118008000] [swscaler @ 0x148400000] No accelerated colorspace conversion found from yuv420p to rgb24.
Output #0, image2, to 'docs/ui-review/recordings/recording-frame.png':
  Metadata:
    encoder         : Lavf61.1.100
  Stream #0:0: Video: png, rgb24(pc, gbr/unknown/unknown, progressive), 390x844 [SAR 1:1 DAR 195:422], q=2-31, 200 kb/s, 25 fps, 25 tbn
      Metadata:
        DURATION        : 00:00:14.440000000
        encoder         : Lavc61.3.100 png
[image2 @ 0x15460ff20] The specified filename 'docs/ui-review/recordings/recording-frame.png' does not contain an image sequence pattern or a pattern is invalid.
[image2 @ 0x15460ff20] Use a pattern such as %03d for an image sequence or use the -update option (with -frames:v 1 if needed) to write a single image.
[out#0/image2 @ 0x15460f9a0] video:273KiB audio:0KiB subtitle:0KiB other streams:0KiB global headers:0KiB muxing overhead: unknown
frame=    1 fps=0.0 q=-0.0 Lsize=N/A time=00:00:00.04 bitrate=N/A speed=0.57x    
