Resolving dependencies...
Downloading packages...
  clock 1.1.2 (1.1.3 available)
  cloud_firestore 6.9.0 (6.10.0 available)
  code_assets 1.2.1 (2.1.0 available)
  cross_file 0.3.5+5 (0.4.0 available)
  firebase_analytics 12.5.0 (12.6.0 available)
  firebase_auth 6.6.1 (6.7.0 available)
  firebase_auth_platform_interface 9.0.7 (9.1.0 available)
  firebase_auth_web 6.2.7 (6.3.0 available)
  firebase_core 4.14.0 (4.15.0 available)
  firebase_core_web 3.11.0 (3.12.0 available)
  flutter_secure_storage 10.3.2 (11.2.0 available)
  flutter_secure_storage_darwin 0.3.2 (0.4.3 available)
  flutter_secure_storage_linux 3.0.2 (3.0.3 available)
  flutter_secure_storage_platform_interface 2.0.3 (2.1.1 available)
  google_sign_in_ios 6.3.3 (6.3.5 available)
  hooks 2.0.2 (2.2.0 available)
  matcher 0.12.19 (0.12.20 available)
  material_color_utilities 0.13.0 (0.13.1 available)
  meta 1.18.0 (1.19.0 available)
  objective_c 9.5.0 (9.6.0 available)
  record_use 0.6.0 (1.1.1 available)
  stack_trace 1.12.1 (1.12.2 available)
  synchronized 3.4.1+2 (3.4.2 available)
  test_api 0.7.11 (0.7.14 available)
  vector_math 2.2.0 (2.4.3 available)
Got dependencies!
25 packages have newer versions incompatible with dependency constraints.
Try `flutter pub outdated` for more information.
Launching lib/main.dart on Web Server in debug mode...
Waiting for connection from debug service on Web Server...         20.2s
lib/main.dart is being served at http://127.0.0.1:8765
The web-server device requires the Dart Debug Chrome extension for debugging. Consider using the Chrome or Edge devices for an improved development workflow.

Flutter run key commands.
r Hot reload. 🔥🔥🔥
R Hot restart.
h List all available interactive commands.
d Detach (terminate "flutter run" but leave application running).
c Clear the screen
q Quit (terminate the application on the device).

Debug service listening on ws://127.0.0.1:62472/zUGvJdA286Y=/ws
A Dart VM Service on Web Server is available at: http://127.0.0.1:62472/zUGvJdA286Y=
The Flutter DevTools debugger and profiler on Web Server is available at: http://127.0.0.1:62472/zUGvJdA286Y=/devtools/?uri=ws://127.0.0.1:62472/zUGvJdA286Y=/ws
